// Jest Snapshot v1, https://jestjs.io/docs/snapshot-testing

exports[`ChatClient layout matches the minimalist canvas snapshot 1`] = `
.emotion-0 {
  margin: 0;
  font-family: Roboto,Helvetica,Arial,sans-serif;
  font-weight: 400;
  font-size: 3rem;
  line-height: 1.167;
}

.emotion-1 {
  margin: 0;
  font-family: Roboto,Helvetica,Arial,sans-serif;
  font-weight: 400;
  font-size: 1rem;
  line-height: 1.5;
  color: rgba(0, 0, 0, 0.6);
}

.emotion-2 {
  margin: 0;
  font-family: Roboto,Helvetica,Arial,sans-serif;
  font-weight: 400;
  font-size: 0.875rem;
  line-height: 1.43;
  color: rgba(0, 0, 0, 0.6);
}

.emotion-3 {
  margin: 0;
  font-family: Roboto,Helvetica,Arial,sans-serif;
  font-weight: 400;
  font-size: 0.875rem;
  line-height: 1.43;
}

.emotion-5 {
  display: -webkit-box;
  display: -webkit-flex;
  display: -ms-flexbox;
  display: flex;
  -webkit-flex-direction: column;
  -ms-flex-direction: column;
  flex-direction: column;
  -webkit-align-items: center;
  -webkit-box-align: center;
  -ms-flex-align: center;
  align-items: center;
}

.emotion-5>:not(style):not(style) {
  margin: 0;
}

.emotion-5>:not(style)~:not(style) {
  margin-top: 4px;
}

.emotion-6 {
  display: -webkit-inline-box;
  display: -webkit-inline-flex;
  display: -ms-inline-flexbox;
  display: inline-flex;
  -webkit-align-items: center;
  -webkit-box-align: center;
  -ms-flex-align: center;
  align-items: center;
  -webkit-box-pack: center;
  -ms-flex-pack: center;
  -webkit-justify-content: center;
  justify-content: center;
  position: relative;
  box-sizing: border-box;
  -webkit-tap-highlight-color: transparent;
  background-color: transparent;
  outline: 0;
  border: 0;
  margin: 0;
  border-radius: 0;
  padding: 0;
  cursor: pointer;
  -webkit-user-select: none;
  -moz-user-select: none;
  -ms-user-select: none;
  user-select: none;
  vertical-align: middle;
  -moz-appearance: none;
  -webkit-appearance: none;
  -webkit-text-decoration: none;
  text-decoration: none;
  color: inherit;
  text-align: center;
  -webkit-flex: 0 0 auto;
  -ms-flex: 0 0 auto;
  flex: 0 0 auto;
  font-size: 1.5rem;
  padding: 8px;
  border-radius: 50%;
  color: rgba(0, 0, 0, 0.54);
  -webkit-transition: background-color 150ms cubic-bezier(0.4, 0, 0.2, 1) 0ms;
  transition: background-color 150ms cubic-bezier(0.4, 0, 0.2, 1) 0ms;
  --IconButton-hoverBg: rgba(0, 0, 0, 0.04);
  color: #1976d2;
  --IconButton-hoverBg: rgba(25, 118, 210, 0.04);
  padding: 12px;
  font-size: 1.75rem;
}

.emotion-6::-moz-focus-inner {
  border-style: none;
}

.emotion-6.Mui-disabled {
  pointer-events: none;
  cursor: default;
}

@media print {
  .emotion-6 {
    -webkit-print-color-adjust: exact;
    color-adjust: exact;
  }
}

.emotion-6:hover {
  background-color: var(--IconButton-hoverBg);
}

@media (hover: none) {
  .emotion-6:hover {
    background-color: transparent;
  }
}

.emotion-6.Mui-disabled {
  background-color: transparent;
  color: rgba(0, 0, 0, 0.26);
}

.emotion-6.MuiIconButton-loading {
  color: transparent;
}

.emotion-7 {
  -webkit-user-select: none;
  -moz-user-select: none;
  -ms-user-select: none;
  user-select: none;
  width: 1em;
  height: 1em;
  display: inline-block;
  -webkit-flex-shrink: 0;
  -ms-flex-negative: 0;
  flex-shrink: 0;
  -webkit-transition: fill 200ms cubic-bezier(0.4, 0, 0.2, 1) 0ms;
  transition: fill 200ms cubic-bezier(0.4, 0, 0.2, 1) 0ms;
  fill: currentColor;
  font-size: inherit;
}

<section
  aria-labelledby="chat-title"
  class="layout"
>
  <div
    class="canvas"
  >
    <header
      class="header"
    >
      <h1
        class="MuiTypography-root MuiTypography-h3 title emotion-0"
        id="chat-title"
      >
        VibeChat
      </h1>
      <p
        class="MuiTypography-root MuiTypography-body1 emotion-1"
      >
        Connect to start a realtime voice session or explore the workspace while we prepare new modules.
      </p>
    </header>
    <div
      class="surface"
      role="presentation"
    >
      <p
        class="MuiTypography-root MuiTypography-body2 emotion-2"
      >
        Voice interaction canvas reserved for upcoming live session visualization.
      </p>
    </div>
    <footer
      aria-live="polite"
      class="status"
    >
      <p
        class="MuiTypography-root MuiTypography-body2 emotion-3"
      >
        Status: 
        idle
      </p>
      <p
        class="MuiTypography-root MuiTypography-body2 emotion-2"
      >
        Allow microphone access when prompted to keep the session ready.
      </p>
    </footer>
  </div>
  <aside
    aria-label="Session controls"
    class="controlRail"
  >
    <div
      class="controlRailInner"
    >
      <div
        class="MuiStack-root emotion-5"
        data-testid="session-controls"
      >
        <span
          aria-label="Connect to session"
          class=""
          data-mui-internal-clone-element="true"
        >
          <button
            aria-label="Connect to session"
            aria-pressed="false"
            class="MuiButtonBase-root MuiIconButton-root MuiIconButton-colorPrimary MuiIconButton-sizeLarge emotion-6"
            tabindex="0"
            type="button"
          >
            <svg
              aria-hidden="true"
              class="MuiSvgIcon-root MuiSvgIcon-fontSizeInherit emotion-7"
              data-testid="PowerSettingsNewIcon"
              focusable="false"
              viewBox="0 0 24 24"
            >
              <path
                d="M13 3h-2v10h2zm4.83 2.17-1.42 1.42C17.99 7.86 19 9.81 19 12c0 3.87-3.13 7-7 7s-7-3.13-7-7c0-2.19 1.01-4.14 2.58-5.42L6.17 5.17C4.23 6.82 3 9.26 3 12c0 4.97 4.03 9 9 9s9-4.03 9-9c0-2.74-1.23-5.18-3.17-6.83"
              />
            </svg>
          </button>
        </span>
      </div>
    </div>
  </aside>
</section>
`;
